Archive member included because of file (symbol)

c:/users/ms/downloads/eclipse/bin/../lib/gcc/avr/4.3.3/avr5\libgcc.a(_mulsi3.o)
                              ./libr/map.o (__mulsi3)
c:/users/ms/downloads/eclipse/bin/../lib/gcc/avr/4.3.3/avr5\libgcc.a(_udivmodsi4.o)
                              ./2-hal/CLCD/CLCD_program.o (__udivmodsi4)
c:/users/ms/downloads/eclipse/bin/../lib/gcc/avr/4.3.3/avr5\libgcc.a(_divmodsi4.o)
                              ./libr/map.o (__divmodsi4)
c:/users/ms/downloads/eclipse/bin/../lib/gcc/avr/4.3.3/avr5\libgcc.a(_exit.o)
                              c:/users/ms/downloads/eclipse/bin/../lib/gcc/avr/4.3.3/../../../../avr/lib/avr5/crtm32.o (exit)
c:/users/ms/downloads/eclipse/bin/../lib/gcc/avr/4.3.3/avr5\libgcc.a(_copy_data.o)
                              ./1-mcal/7-USART/Uasrt_program.o (__do_copy_data)
c:/users/ms/downloads/eclipse/bin/../lib/gcc/avr/4.3.3/avr5\libgcc.a(_clear_bss.o)
                              ./1-mcal/7-USART/Uasrt_program.o (__do_clear_bss)
c:/users/ms/downloads/eclipse/bin/../lib/gcc/avr/4.3.3/avr5\libgcc.a(_fixunssfsi.o)
                              ./2-hal/CLCD/CLCD_program.o (__fixunssfsi)
c:/users/ms/downloads/eclipse/bin/../lib/gcc/avr/4.3.3/avr5\libgcc.a(_addsub_sf.o)
                              c:/users/ms/downloads/eclipse/bin/../lib/gcc/avr/4.3.3/avr5\libgcc.a(_fixunssfsi.o) (__subsf3)
c:/users/ms/downloads/eclipse/bin/../lib/gcc/avr/4.3.3/avr5\libgcc.a(_mul_sf.o)
                              ./2-hal/CLCD/CLCD_program.o (__mulsf3)
c:/users/ms/downloads/eclipse/bin/../lib/gcc/avr/4.3.3/avr5\libgcc.a(_div_sf.o)
                              ./2-hal/CLCD/CLCD_program.o (__divsf3)
c:/users/ms/downloads/eclipse/bin/../lib/gcc/avr/4.3.3/avr5\libgcc.a(_gt_sf.o)
                              ./2-hal/CLCD/CLCD_program.o (__gtsf2)
c:/users/ms/downloads/eclipse/bin/../lib/gcc/avr/4.3.3/avr5\libgcc.a(_ge_sf.o)
                              c:/users/ms/downloads/eclipse/bin/../lib/gcc/avr/4.3.3/avr5\libgcc.a(_fixunssfsi.o) (__gesf2)
c:/users/ms/downloads/eclipse/bin/../lib/gcc/avr/4.3.3/avr5\libgcc.a(_lt_sf.o)
                              ./2-hal/CLCD/CLCD_program.o (__ltsf2)
c:/users/ms/downloads/eclipse/bin/../lib/gcc/avr/4.3.3/avr5\libgcc.a(_sf_to_si.o)
                              c:/users/ms/downloads/eclipse/bin/../lib/gcc/avr/4.3.3/avr5\libgcc.a(_fixunssfsi.o) (__fixsfsi)
c:/users/ms/downloads/eclipse/bin/../lib/gcc/avr/4.3.3/avr5\libgcc.a(_thenan_sf.o)
                              c:/users/ms/downloads/eclipse/bin/../lib/gcc/avr/4.3.3/avr5\libgcc.a(_addsub_sf.o) (__thenan_sf)
c:/users/ms/downloads/eclipse/bin/../lib/gcc/avr/4.3.3/avr5\libgcc.a(_prologue.o)
                              c:/users/ms/downloads/eclipse/bin/../lib/gcc/avr/4.3.3/avr5\libgcc.a(_addsub_sf.o) (__prologue_saves__)
c:/users/ms/downloads/eclipse/bin/../lib/gcc/avr/4.3.3/avr5\libgcc.a(_epilogue.o)
                              c:/users/ms/downloads/eclipse/bin/../lib/gcc/avr/4.3.3/avr5\libgcc.a(_addsub_sf.o) (__epilogue_restores__)
c:/users/ms/downloads/eclipse/bin/../lib/gcc/avr/4.3.3/avr5\libgcc.a(_pack_sf.o)
                              c:/users/ms/downloads/eclipse/bin/../lib/gcc/avr/4.3.3/avr5\libgcc.a(_addsub_sf.o) (__pack_f)
c:/users/ms/downloads/eclipse/bin/../lib/gcc/avr/4.3.3/avr5\libgcc.a(_unpack_sf.o)
                              c:/users/ms/downloads/eclipse/bin/../lib/gcc/avr/4.3.3/avr5\libgcc.a(_addsub_sf.o) (__unpack_f)
c:/users/ms/downloads/eclipse/bin/../lib/gcc/avr/4.3.3/avr5\libgcc.a(_fpcmp_parts_sf.o)
                              c:/users/ms/downloads/eclipse/bin/../lib/gcc/avr/4.3.3/avr5\libgcc.a(_gt_sf.o) (__fpcmp_parts_f)

Allocating common symbols
Common symbol       size              file

Machine_State       0x1               ./MUC_1.o

Memory Configuration

Name             Origin             Length             Attributes
text             0x00000000         0x00020000         xr
data             0x00800060         0x0000ffa0         rw !x
eeprom           0x00810000         0x00010000         rw !x
fuse             0x00820000         0x00000400         rw !x
lock             0x00830000         0x00000400         rw !x
signature        0x00840000         0x00000400         rw !x
*default*        0x00000000         0xffffffff

Linker script and memory map

LOAD c:/users/ms/downloads/eclipse/bin/../lib/gcc/avr/4.3.3/../../../../avr/lib/avr5/crtm32.o
LOAD ./libr/map.o
LOAD ./2-hal/servo/Servo_program.o
LOAD ./2-hal/DC_motor/DC_program.o
LOAD ./2-hal/CLCD/CLCD_program.o
LOAD ./1-mcal/7-USART/Uasrt_program.o
LOAD ./1-mcal/6-TIMER/TIMER_program.o
LOAD ./1-mcal/5-ADC/ADC_program.o
LOAD ./1-mcal/4-EXTI/EXTI_program.o
LOAD ./1-mcal/3-GIE/GIE_program.o
LOAD ./1-mcal/2-PORT/PORT_program.o
LOAD ./1-mcal/11-WTDOG/WTDOG_program.o
LOAD ./1-mcal/10-internal_EEPROM/EEPROM_program.o
LOAD ./1-mcal/1-DIO/DIO-progarm.o
LOAD ./MUC_1.o
LOAD c:/users/ms/downloads/eclipse/bin/../lib/gcc/avr/4.3.3/avr5\libgcc.a
LOAD c:/users/ms/downloads/eclipse/bin/../lib/gcc/avr/4.3.3/../../../../avr/lib/avr5\libc.a
LOAD c:/users/ms/downloads/eclipse/bin/../lib/gcc/avr/4.3.3/avr5\libgcc.a

.hash
 *(.hash)

.dynsym
 *(.dynsym)

.dynstr
 *(.dynstr)

.gnu.version
 *(.gnu.version)

.gnu.version_d
 *(.gnu.version_d)

.gnu.version_r
 *(.gnu.version_r)

.rel.init
 *(.rel.init)

.rela.init
 *(.rela.init)

.rel.text
 *(.rel.text)
 *(.rel.text.*)
 *(.rel.gnu.linkonce.t*)

.rela.text
 *(.rela.text)
 *(.rela.text.*)
 *(.rela.gnu.linkonce.t*)

.rel.fini
 *(.rel.fini)

.rela.fini
 *(.rela.fini)

.rel.rodata
 *(.rel.rodata)
 *(.rel.rodata.*)
 *(.rel.gnu.linkonce.r*)

.rela.rodata
 *(.rela.rodata)
 *(.rela.rodata.*)
 *(.rela.gnu.linkonce.r*)

.rel.data
 *(.rel.data)
 *(.rel.data.*)
 *(.rel.gnu.linkonce.d*)

.rela.data
 *(.rela.data)
 *(.rela.data.*)
 *(.rela.gnu.linkonce.d*)

.rel.ctors
 *(.rel.ctors)

.rela.ctors
 *(.rela.ctors)

.rel.dtors
 *(.rel.dtors)

.rela.dtors
 *(.rela.dtors)

.rel.got
 *(.rel.got)

.rela.got
 *(.rela.got)

.rel.bss
 *(.rel.bss)

.rela.bss
 *(.rela.bss)

.rel.plt
 *(.rel.plt)

.rela.plt
 *(.rela.plt)

.text           0x00000000     0x43e6
 *(.vectors)
 .vectors       0x00000000       0x54 c:/users/ms/downloads/eclipse/bin/../lib/gcc/avr/4.3.3/../../../../avr/lib/avr5/crtm32.o
                0x00000000                __vectors
                0x00000000                __vector_default
 *(.vectors)
 *(.progmem.gcc*)
 *(.progmem*)
                0x00000054                . = ALIGN (0x2)
                0x00000054                __trampolines_start = .
 *(.trampolines)
 .trampolines   0x00000054        0x0 linker stubs
 *(.trampolines*)
                0x00000054                __trampolines_end = .
 *(.jumptables)
 *(.jumptables*)
 *(.lowtext)
 *(.lowtext*)
                0x00000054                __ctors_start = .
 *(.ctors)
                0x00000054                __ctors_end = .
                0x00000054                __dtors_start = .
 *(.dtors)
                0x00000054                __dtors_end = .
 SORT(*)(.ctors)
 SORT(*)(.dtors)
 *(.init0)
 .init0         0x00000054        0x0 c:/users/ms/downloads/eclipse/bin/../lib/gcc/avr/4.3.3/../../../../avr/lib/avr5/crtm32.o
                0x00000054                __init
 *(.init0)
 *(.init1)
 *(.init1)
 *(.init2)
 .init2         0x00000054        0xc c:/users/ms/downloads/eclipse/bin/../lib/gcc/avr/4.3.3/../../../../avr/lib/avr5/crtm32.o
 *(.init2)
 *(.init3)
 *(.init3)
 *(.init4)
 .init4         0x00000060       0x16 c:/users/ms/downloads/eclipse/bin/../lib/gcc/avr/4.3.3/avr5\libgcc.a(_copy_data.o)
                0x00000060                __do_copy_data
 .init4         0x00000076       0x10 c:/users/ms/downloads/eclipse/bin/../lib/gcc/avr/4.3.3/avr5\libgcc.a(_clear_bss.o)
                0x00000076                __do_clear_bss
 *(.init4)
 *(.init5)
 *(.init5)
 *(.init6)
 *(.init6)
 *(.init7)
 *(.init7)
 *(.init8)
 *(.init8)
 *(.init9)
 .init9         0x00000086        0x8 c:/users/ms/downloads/eclipse/bin/../lib/gcc/avr/4.3.3/../../../../avr/lib/avr5/crtm32.o
 *(.init9)
 *(.text)
 .text          0x0000008e        0x4 c:/users/ms/downloads/eclipse/bin/../lib/gcc/avr/4.3.3/../../../../avr/lib/avr5/crtm32.o
                0x0000008e                __vector_12
                0x0000008e                __bad_interrupt
                0x0000008e                __vector_17
                0x0000008e                __vector_19
                0x0000008e                __vector_15
                0x0000008e                __vector_18
                0x0000008e                __vector_20
 .text          0x00000092        0x0 ./libr/map.o
 .text          0x00000092        0x0 ./2-hal/servo/Servo_program.o
 .text          0x00000092        0x0 ./2-hal/DC_motor/DC_program.o
 .text          0x00000092        0x0 ./2-hal/CLCD/CLCD_program.o
 .text          0x00000092        0x0 ./1-mcal/7-USART/Uasrt_program.o
 .text          0x00000092        0x0 ./1-mcal/6-TIMER/TIMER_program.o
 .text          0x00000092        0x0 ./1-mcal/5-ADC/ADC_program.o
 .text          0x00000092        0x0 ./1-mcal/4-EXTI/EXTI_program.o
 .text          0x00000092        0x0 ./1-mcal/3-GIE/GIE_program.o
 .text          0x00000092        0x0 ./1-mcal/2-PORT/PORT_program.o
 .text          0x00000092        0x0 ./1-mcal/11-WTDOG/WTDOG_program.o
 .text          0x00000092        0x0 ./1-mcal/10-internal_EEPROM/EEPROM_program.o
 .text          0x00000092        0x0 ./1-mcal/1-DIO/DIO-progarm.o
 .text          0x00000092        0x0 ./MUC_1.o
 .text          0x00000092        0x0 c:/users/ms/downloads/eclipse/bin/../lib/gcc/avr/4.3.3/avr5\libgcc.a(_mulsi3.o)
 .text          0x00000092        0x0 c:/users/ms/downloads/eclipse/bin/../lib/gcc/avr/4.3.3/avr5\libgcc.a(_udivmodsi4.o)
 .text          0x00000092        0x0 c:/users/ms/downloads/eclipse/bin/../lib/gcc/avr/4.3.3/avr5\libgcc.a(_divmodsi4.o)
 .text          0x00000092        0x0 c:/users/ms/downloads/eclipse/bin/../lib/gcc/avr/4.3.3/avr5\libgcc.a(_exit.o)
 .text          0x00000092        0x0 c:/users/ms/downloads/eclipse/bin/../lib/gcc/avr/4.3.3/avr5\libgcc.a(_copy_data.o)
 .text          0x00000092        0x0 c:/users/ms/downloads/eclipse/bin/../lib/gcc/avr/4.3.3/avr5\libgcc.a(_clear_bss.o)
 .text          0x00000092       0x58 c:/users/ms/downloads/eclipse/bin/../lib/gcc/avr/4.3.3/avr5\libgcc.a(_fixunssfsi.o)
                0x00000092                __fixunssfsi
 .text          0x000000ea      0x354 c:/users/ms/downloads/eclipse/bin/../lib/gcc/avr/4.3.3/avr5\libgcc.a(_addsub_sf.o)
                0x00000382                __subsf3
                0x000003e4                __addsf3
 .text          0x0000043e      0x1f4 c:/users/ms/downloads/eclipse/bin/../lib/gcc/avr/4.3.3/avr5\libgcc.a(_mul_sf.o)
                0x0000043e                __mulsf3
 .text          0x00000632      0x158 c:/users/ms/downloads/eclipse/bin/../lib/gcc/avr/4.3.3/avr5\libgcc.a(_div_sf.o)
                0x00000632                __divsf3
 .text          0x0000078a       0x60 c:/users/ms/downloads/eclipse/bin/../lib/gcc/avr/4.3.3/avr5\libgcc.a(_gt_sf.o)
                0x0000078a                __gtsf2
 .text          0x000007ea       0x60 c:/users/ms/downloads/eclipse/bin/../lib/gcc/avr/4.3.3/avr5\libgcc.a(_ge_sf.o)
                0x000007ea                __gesf2
 .text          0x0000084a       0x60 c:/users/ms/downloads/eclipse/bin/../lib/gcc/avr/4.3.3/avr5\libgcc.a(_lt_sf.o)
                0x0000084a                __ltsf2
 .text          0x000008aa       0xa8 c:/users/ms/downloads/eclipse/bin/../lib/gcc/avr/4.3.3/avr5\libgcc.a(_sf_to_si.o)
                0x000008aa                __fixsfsi
 .text          0x00000952        0x0 c:/users/ms/downloads/eclipse/bin/../lib/gcc/avr/4.3.3/avr5\libgcc.a(_thenan_sf.o)
 .text          0x00000952        0x0 c:/users/ms/downloads/eclipse/bin/../lib/gcc/avr/4.3.3/avr5\libgcc.a(_prologue.o)
 .text          0x00000952        0x0 c:/users/ms/downloads/eclipse/bin/../lib/gcc/avr/4.3.3/avr5\libgcc.a(_epilogue.o)
 .text          0x00000952      0x1aa c:/users/ms/downloads/eclipse/bin/../lib/gcc/avr/4.3.3/avr5\libgcc.a(_pack_sf.o)
                0x00000952                __pack_f
 .text          0x00000afc       0xf0 c:/users/ms/downloads/eclipse/bin/../lib/gcc/avr/4.3.3/avr5\libgcc.a(_unpack_sf.o)
                0x00000afc                __unpack_f
 .text          0x00000bec       0xb2 c:/users/ms/downloads/eclipse/bin/../lib/gcc/avr/4.3.3/avr5\libgcc.a(_fpcmp_parts_sf.o)
                0x00000bec                __fpcmp_parts_f
                0x00000c9e                . = ALIGN (0x2)
 *(.text.*)
 .text.map      0x00000c9e       0xfa ./libr/map.o
                0x00000c9e                map
 .text.Servo_u8Angle
                0x00000d98       0xce ./2-hal/servo/Servo_program.o
                0x00000d98                Servo_u8Angle
 .text.clockwise
                0x00000e66       0x22 ./2-hal/DC_motor/DC_program.o
 .text.unclockwise
                0x00000e88       0x22 ./2-hal/DC_motor/DC_program.o
 .text.stop_DC  0x00000eaa       0x22 ./2-hal/DC_motor/DC_program.o
                0x00000eaa                stop_DC
 .text.DC_u8dircotrol
                0x00000ecc       0x36 ./2-hal/DC_motor/DC_program.o
                0x00000ecc                DC_u8dircotrol
 .text.CLCD_voidSendCommand
                0x00000f02      0x496 ./2-hal/CLCD/CLCD_program.o
                0x00000f02                CLCD_voidSendCommand
 .text.CLCD_voidSendData
                0x00001398      0x574 ./2-hal/CLCD/CLCD_program.o
                0x00001398                CLCD_voidSendData
 .text.CLCD_voidInit
                0x0000190c      0x128 ./2-hal/CLCD/CLCD_program.o
                0x0000190c                CLCD_voidInit
 .text.CLCD_voidSendString
                0x00001a34       0x38 ./2-hal/CLCD/CLCD_program.o
                0x00001a34                CLCD_voidSendString
 .text.CLCD_voidGOTOXY
                0x00001a6c       0x3c ./2-hal/CLCD/CLCD_program.o
                0x00001a6c                CLCD_voidGOTOXY
 .text.CLCD_voidWrite_SpacialC
                0x00001aa8       0x80 ./2-hal/CLCD/CLCD_program.o
                0x00001aa8                CLCD_voidWrite_SpacialC
 .text.CLCD_voidNumber
                0x00001b28       0xdc ./2-hal/CLCD/CLCD_program.o
                0x00001b28                CLCD_voidNumber
 .text.CLCD_voidWritename
                0x00001c04       0x52 ./2-hal/CLCD/CLCD_program.o
                0x00001c04                CLCD_voidWritename
 .text.CLCD_ClearScreen
                0x00001c56       0x14 ./2-hal/CLCD/CLCD_program.o
                0x00001c56                CLCD_ClearScreen
 .text.CLCD_voidCursorShift
                0x00001c6a       0x2e ./2-hal/CLCD/CLCD_program.o
                0x00001c6a                CLCD_voidCursorShift
 .text.CLCD_voidDataShift
                0x00001c98       0x2e ./2-hal/CLCD/CLCD_program.o
                0x00001c98                CLCD_voidDataShift
 .text.Uart_voidInti
                0x00001cc6       0x76 ./1-mcal/7-USART/Uasrt_program.o
                0x00001cc6                Uart_voidInti
 .text.UART_u8TX
                0x00001d3c       0x9c ./1-mcal/7-USART/Uasrt_program.o
                0x00001d3c                UART_u8TX
 .text.Uart_u8recive
                0x00001dd8       0x9a ./1-mcal/7-USART/Uasrt_program.o
                0x00001dd8                Uart_u8recive
 .text.UART_u8SendString
                0x00001e72       0x48 ./1-mcal/7-USART/Uasrt_program.o
                0x00001e72                UART_u8SendString
 .text.UART_voidRecivestring
                0x00001eba       0x4e ./1-mcal/7-USART/Uasrt_program.o
                0x00001eba                UART_voidRecivestring
 .text.Uart_u8Send_Asyn
                0x00001f08       0x48 ./1-mcal/7-USART/Uasrt_program.o
                0x00001f08                Uart_u8Send_Asyn
 .text.Uart_u8SendStr_Asyn
                0x00001f50       0x78 ./1-mcal/7-USART/Uasrt_program.o
                0x00001f50                Uart_u8SendStr_Asyn
 .text.Uart_u8recive_Asyn
                0x00001fc8       0x54 ./1-mcal/7-USART/Uasrt_program.o
                0x00001fc8                Uart_u8recive_Asyn
 .text.Uart_u8recive_StringA
                0x0000201c       0x74 ./1-mcal/7-USART/Uasrt_program.o
                0x0000201c                Uart_u8recive_StringA
 .text.uart_u8setcallback
                0x00002090       0x3a ./1-mcal/7-USART/Uasrt_program.o
                0x00002090                uart_u8setcallback
 .text.__vector_14
                0x000020ca       0xd8 ./1-mcal/7-USART/Uasrt_program.o
                0x000020ca                __vector_14
 .text.__vector_13
                0x000021a2       0xee ./1-mcal/7-USART/Uasrt_program.o
                0x000021a2                __vector_13
 .text.Timer_Inti
                0x00002290      0x2f2 ./1-mcal/6-TIMER/TIMER_program.o
                0x00002290                Timer_Inti
 .text.Timer0_voidSetCompareMatch
                0x00002582       0x1c ./1-mcal/6-TIMER/TIMER_program.o
                0x00002582                Timer0_voidSetCompareMatch
 .text.Timer2_voidSetCompareMatch
                0x0000259e       0x1c ./1-mcal/6-TIMER/TIMER_program.o
                0x0000259e                Timer2_voidSetCompareMatch
 .text.Timer_u8SetCallBack
                0x000025ba       0x4a ./1-mcal/6-TIMER/TIMER_program.o
                0x000025ba                Timer_u8SetCallBack
 .text.Timer1_voidInt
                0x00002604       0x2a ./1-mcal/6-TIMER/TIMER_program.o
                0x00002604                Timer1_voidInt
 .text.timer1_voidsetvalue
                0x0000262e       0x24 ./1-mcal/6-TIMER/TIMER_program.o
                0x0000262e                timer1_voidsetvalue
 .text.timer1_u16readvalue
                0x00002652       0x16 ./1-mcal/6-TIMER/TIMER_program.o
                0x00002652                timer1_u16readvalue
 .text.Timer1_setICR
                0x00002668       0x24 ./1-mcal/6-TIMER/TIMER_program.o
                0x00002668                Timer1_setICR
 .text.Timer1_chennelACompare
                0x0000268c       0x24 ./1-mcal/6-TIMER/TIMER_program.o
                0x0000268c                Timer1_chennelACompare
 .text.ICU_inti
                0x000026b0       0x2a ./1-mcal/6-TIMER/TIMER_program.o
                0x000026b0                ICU_inti
 .text.ICU_voidsetTirgrededge
                0x000026da       0x4a ./1-mcal/6-TIMER/TIMER_program.o
                0x000026da                ICU_voidsetTirgrededge
 .text.ICU_voidenableinterrupt
                0x00002724       0x1c ./1-mcal/6-TIMER/TIMER_program.o
                0x00002724                ICU_voidenableinterrupt
 .text.ICU_voidDisableinterrupt
                0x00002740       0x1c ./1-mcal/6-TIMER/TIMER_program.o
                0x00002740                ICU_voidDisableinterrupt
 .text.ICU_u16ReadingTimer
                0x0000275c       0x16 ./1-mcal/6-TIMER/TIMER_program.o
                0x0000275c                ICU_u16ReadingTimer
 .text.Timer_voidDeinti
                0x00002772       0x6e ./1-mcal/6-TIMER/TIMER_program.o
                0x00002772                Timer_voidDeinti
 .text.__vector_4
                0x000027e0       0x66 ./1-mcal/6-TIMER/TIMER_program.o
                0x000027e0                __vector_4
 .text.__vector_5
                0x00002846       0x66 ./1-mcal/6-TIMER/TIMER_program.o
                0x00002846                __vector_5
 .text.__vector_6
                0x000028ac       0x66 ./1-mcal/6-TIMER/TIMER_program.o
                0x000028ac                __vector_6
 .text.__vector_7
                0x00002912       0x66 ./1-mcal/6-TIMER/TIMER_program.o
                0x00002912                __vector_7
 .text.__vector_8
                0x00002978       0x66 ./1-mcal/6-TIMER/TIMER_program.o
                0x00002978                __vector_8
 .text.__vector_9
                0x000029de       0x66 ./1-mcal/6-TIMER/TIMER_program.o
                0x000029de                __vector_9
 .text.__vector_10
                0x00002a44       0x66 ./1-mcal/6-TIMER/TIMER_program.o
                0x00002a44                __vector_10
 .text.__vector_11
                0x00002aaa       0x66 ./1-mcal/6-TIMER/TIMER_program.o
                0x00002aaa                __vector_11
 .text.ADC_voidinti
                0x00002b10       0x62 ./1-mcal/5-ADC/ADC_program.o
                0x00002b10                ADC_voidinti
 .text.ADC_u8startconversionsync
                0x00002b72      0x114 ./1-mcal/5-ADC/ADC_program.o
                0x00002b72                ADC_u8startconversionsync
 .text.ADC_u8startcoversionAsync
                0x00002c86       0xb0 ./1-mcal/5-ADC/ADC_program.o
                0x00002c86                ADC_u8startcoversionAsync
 .text.ADC_u8startchainAsync
                0x00002d36       0xcc ./1-mcal/5-ADC/ADC_program.o
                0x00002d36                ADC_u8startchainAsync
 .text.__vector_16
                0x00002e02      0x12a ./1-mcal/5-ADC/ADC_program.o
                0x00002e02                __vector_16
 .text.EXTI_u8Int0_Pos
                0x00002f2c       0xea ./1-mcal/4-EXTI/EXTI_program.o
                0x00002f2c                EXTI_u8Int0_Pos
 .text.EXTI_voidInt0_pre
                0x00003016       0x38 ./1-mcal/4-EXTI/EXTI_program.o
                0x00003016                EXTI_voidInt0_pre
 .text.EXTI_u8Int1_pos
                0x0000304e       0xea ./1-mcal/4-EXTI/EXTI_program.o
                0x0000304e                EXTI_u8Int1_pos
 .text.EXTI_voidInt1_pre
                0x00003138       0x38 ./1-mcal/4-EXTI/EXTI_program.o
                0x00003138                EXTI_voidInt1_pre
 .text.EXTI_u8Int2_pos
                0x00003170       0x72 ./1-mcal/4-EXTI/EXTI_program.o
                0x00003170                EXTI_u8Int2_pos
 .text.EXTI_voidINT2_pre
                0x000031e2       0x2a ./1-mcal/4-EXTI/EXTI_program.o
                0x000031e2                EXTI_voidINT2_pre
 .text.EXTI_u8sense
                0x0000320c      0x234 ./1-mcal/4-EXTI/EXTI_program.o
                0x0000320c                EXTI_u8sense
 .text.EXTI_voidclearflag
                0x00003440       0x4e ./1-mcal/4-EXTI/EXTI_program.o
                0x00003440                EXTI_voidclearflag
 .text.EXTI_voidReadFlag
                0x0000348e       0x58 ./1-mcal/4-EXTI/EXTI_program.o
                0x0000348e                EXTI_voidReadFlag
 .text.EXTI_u8Set_Callback
                0x000034e6       0x4a ./1-mcal/4-EXTI/EXTI_program.o
                0x000034e6                EXTI_u8Set_Callback
 .text.__vector_1
                0x00003530       0x66 ./1-mcal/4-EXTI/EXTI_program.o
                0x00003530                __vector_1
 .text.__vector_2
                0x00003596       0x66 ./1-mcal/4-EXTI/EXTI_program.o
                0x00003596                __vector_2
 .text.__vector_3
                0x000035fc       0x66 ./1-mcal/4-EXTI/EXTI_program.o
                0x000035fc                __vector_3
 .text.GIE_voidEnable
                0x00003662       0x1c ./1-mcal/3-GIE/GIE_program.o
                0x00003662                GIE_voidEnable
 .text.GIE_voidDisable
                0x0000367e       0x1c ./1-mcal/3-GIE/GIE_program.o
                0x0000367e                GIE_voidDisable
 .text.PORT_voidInti
                0x0000369a       0x46 ./1-mcal/2-PORT/PORT_program.o
                0x0000369a                PORT_voidInti
 .text.WTDOG_voidEnable
                0x000036e0       0x1c ./1-mcal/11-WTDOG/WTDOG_program.o
                0x000036e0                WTDOG_voidEnable
 .text.WTDOG_voidDisable
                0x000036fc       0x1c ./1-mcal/11-WTDOG/WTDOG_program.o
                0x000036fc                WTDOG_voidDisable
 .text.WTDOG_voidSleep
                0x00003718       0x38 ./1-mcal/11-WTDOG/WTDOG_program.o
                0x00003718                WTDOG_voidSleep
 .text.EEPROM_voidWrite_Byte
                0x00003750       0x54 ./1-mcal/10-internal_EEPROM/EEPROM_program.o
                0x00003750                EEPROM_voidWrite_Byte
 .text.EEPROM_voidRead_Byte
                0x000037a4       0x6c ./1-mcal/10-internal_EEPROM/EEPROM_program.o
                0x000037a4                EEPROM_voidRead_Byte
 .text.setbitvalue
                0x00003810      0x224 ./1-mcal/1-DIO/DIO-progarm.o
                0x00003810                setbitvalue
 .text.setportvalue
                0x00003a34       0x90 ./1-mcal/1-DIO/DIO-progarm.o
                0x00003a34                setportvalue
 .text.getbit   0x00003ac4      0x130 ./1-mcal/1-DIO/DIO-progarm.o
                0x00003ac4                getbit
 .text.main     0x00003bf4       0x7e ./MUC_1.o
                0x00003bf4                main
 .text.setup    0x00003c72       0xa0 ./MUC_1.o
                0x00003c72                setup
 .text.temp_u16Read
                0x00003d12       0x64 ./MUC_1.o
                0x00003d12                temp_u16Read
 .text.Button   0x00003d76       0x3a ./MUC_1.o
                0x00003d76                Button
 .text.move_voidDC
                0x00003db0      0x4ac ./MUC_1.o
                0x00003db0                move_voidDC
 .text.Timer2_callback
                0x0000425c       0x60 ./MUC_1.o
                0x0000425c                Timer2_callback
 .text.libgcc   0x000042bc       0x3e c:/users/ms/downloads/eclipse/bin/../lib/gcc/avr/4.3.3/avr5\libgcc.a(_mulsi3.o)
                0x000042bc                __mulsi3
 .text.libgcc   0x000042fa       0x44 c:/users/ms/downloads/eclipse/bin/../lib/gcc/avr/4.3.3/avr5\libgcc.a(_udivmodsi4.o)
                0x000042fa                __udivmodsi4
 .text.libgcc   0x0000433e       0x36 c:/users/ms/downloads/eclipse/bin/../lib/gcc/avr/4.3.3/avr5\libgcc.a(_divmodsi4.o)
                0x0000433e                __divmodsi4
 .text.libgcc   0x00004374        0x0 c:/users/ms/downloads/eclipse/bin/../lib/gcc/avr/4.3.3/avr5\libgcc.a(_exit.o)
 .text.libgcc   0x00004374        0x0 c:/users/ms/downloads/eclipse/bin/../lib/gcc/avr/4.3.3/avr5\libgcc.a(_copy_data.o)
 .text.libgcc   0x00004374        0x0 c:/users/ms/downloads/eclipse/bin/../lib/gcc/avr/4.3.3/avr5\libgcc.a(_clear_bss.o)
 .text.libgcc   0x00004374       0x38 c:/users/ms/downloads/eclipse/bin/../lib/gcc/avr/4.3.3/avr5\libgcc.a(_prologue.o)
                0x00004374                __prologue_saves__
 .text.libgcc   0x000043ac       0x36 c:/users/ms/downloads/eclipse/bin/../lib/gcc/avr/4.3.3/avr5\libgcc.a(_epilogue.o)
                0x000043ac                __epilogue_restores__
                0x000043e2                . = ALIGN (0x2)
 *(.fini9)
 .fini9         0x000043e2        0x0 c:/users/ms/downloads/eclipse/bin/../lib/gcc/avr/4.3.3/avr5\libgcc.a(_exit.o)
                0x000043e2                exit
                0x000043e2                _exit
 *(.fini9)
 *(.fini8)
 *(.fini8)
 *(.fini7)
 *(.fini7)
 *(.fini6)
 *(.fini6)
 *(.fini5)
 *(.fini5)
 *(.fini4)
 *(.fini4)
 *(.fini3)
 *(.fini3)
 *(.fini2)
 *(.fini2)
 *(.fini1)
 *(.fini1)
 *(.fini0)
 .fini0         0x000043e2        0x4 c:/users/ms/downloads/eclipse/bin/../lib/gcc/avr/4.3.3/avr5\libgcc.a(_exit.o)
 *(.fini0)
                0x000043e6                _etext = .

.data           0x00800060       0x1a load address 0x000043e6
                0x00800060                PROVIDE (__data_start, .)
 *(.data)
 .data          0x00800060        0x0 c:/users/ms/downloads/eclipse/bin/../lib/gcc/avr/4.3.3/../../../../avr/lib/avr5/crtm32.o
 .data          0x00800060        0x0 ./libr/map.o
 .data          0x00800060        0x0 ./2-hal/servo/Servo_program.o
 .data          0x00800060        0x0 ./2-hal/DC_motor/DC_program.o
 .data          0x00800060        0x0 ./2-hal/CLCD/CLCD_program.o
 .data          0x00800060        0x0 ./1-mcal/7-USART/Uasrt_program.o
 .data          0x00800060        0x0 ./1-mcal/6-TIMER/TIMER_program.o
 .data          0x00800060        0x0 ./1-mcal/5-ADC/ADC_program.o
 .data          0x00800060        0x0 ./1-mcal/4-EXTI/EXTI_program.o
 .data          0x00800060        0x0 ./1-mcal/3-GIE/GIE_program.o
 .data          0x00800060        0x0 ./1-mcal/2-PORT/PORT_program.o
 .data          0x00800060        0x0 ./1-mcal/11-WTDOG/WTDOG_program.o
 .data          0x00800060        0x0 ./1-mcal/10-internal_EEPROM/EEPROM_program.o
 .data          0x00800060        0x0 ./1-mcal/1-DIO/DIO-progarm.o
 .data          0x00800060        0x0 ./MUC_1.o
 .data          0x00800060        0x0 c:/users/ms/downloads/eclipse/bin/../lib/gcc/avr/4.3.3/avr5\libgcc.a(_mulsi3.o)
 .data          0x00800060        0x0 c:/users/ms/downloads/eclipse/bin/../lib/gcc/avr/4.3.3/avr5\libgcc.a(_udivmodsi4.o)
 .data          0x00800060        0x0 c:/users/ms/downloads/eclipse/bin/../lib/gcc/avr/4.3.3/avr5\libgcc.a(_divmodsi4.o)
 .data          0x00800060        0x0 c:/users/ms/downloads/eclipse/bin/../lib/gcc/avr/4.3.3/avr5\libgcc.a(_exit.o)
 .data          0x00800060        0x0 c:/users/ms/downloads/eclipse/bin/../lib/gcc/avr/4.3.3/avr5\libgcc.a(_copy_data.o)
 .data          0x00800060        0x0 c:/users/ms/downloads/eclipse/bin/../lib/gcc/avr/4.3.3/avr5\libgcc.a(_clear_bss.o)
 .data          0x00800060        0x0 c:/users/ms/downloads/eclipse/bin/../lib/gcc/avr/4.3.3/avr5\libgcc.a(_fixunssfsi.o)
 .data          0x00800060        0x0 c:/users/ms/downloads/eclipse/bin/../lib/gcc/avr/4.3.3/avr5\libgcc.a(_addsub_sf.o)
 .data          0x00800060        0x0 c:/users/ms/downloads/eclipse/bin/../lib/gcc/avr/4.3.3/avr5\libgcc.a(_mul_sf.o)
 .data          0x00800060        0x0 c:/users/ms/downloads/eclipse/bin/../lib/gcc/avr/4.3.3/avr5\libgcc.a(_div_sf.o)
 .data          0x00800060        0x0 c:/users/ms/downloads/eclipse/bin/../lib/gcc/avr/4.3.3/avr5\libgcc.a(_gt_sf.o)
 .data          0x00800060        0x0 c:/users/ms/downloads/eclipse/bin/../lib/gcc/avr/4.3.3/avr5\libgcc.a(_ge_sf.o)
 .data          0x00800060        0x0 c:/users/ms/downloads/eclipse/bin/../lib/gcc/avr/4.3.3/avr5\libgcc.a(_lt_sf.o)
 .data          0x00800060        0x0 c:/users/ms/downloads/eclipse/bin/../lib/gcc/avr/4.3.3/avr5\libgcc.a(_sf_to_si.o)
 .data          0x00800060        0x8 c:/users/ms/downloads/eclipse/bin/../lib/gcc/avr/4.3.3/avr5\libgcc.a(_thenan_sf.o)
                0x00800060                __thenan_sf
 .data          0x00800068        0x0 c:/users/ms/downloads/eclipse/bin/../lib/gcc/avr/4.3.3/avr5\libgcc.a(_prologue.o)
 .data          0x00800068        0x0 c:/users/ms/downloads/eclipse/bin/../lib/gcc/avr/4.3.3/avr5\libgcc.a(_epilogue.o)
 .data          0x00800068        0x0 c:/users/ms/downloads/eclipse/bin/../lib/gcc/avr/4.3.3/avr5\libgcc.a(_pack_sf.o)
 .data          0x00800068        0x0 c:/users/ms/downloads/eclipse/bin/../lib/gcc/avr/4.3.3/avr5\libgcc.a(_unpack_sf.o)
 .data          0x00800068        0x0 c:/users/ms/downloads/eclipse/bin/../lib/gcc/avr/4.3.3/avr5\libgcc.a(_fpcmp_parts_sf.o)
 *(.data*)
 .data.BUSY_flag
                0x00800068        0x1 ./1-mcal/7-USART/Uasrt_program.o
 .data.counter.1416
                0x00800069        0x1 ./1-mcal/7-USART/Uasrt_program.o
 .data.ADC_u8busy_state
                0x0080006a        0x1 ./1-mcal/5-ADC/ADC_program.o
                0x0080006a                ADC_u8busy_state
 .data.item2    0x0080006b        0x5 ./MUC_1.o
                0x0080006b                item2
 .data.item3    0x00800070        0x5 ./MUC_1.o
                0x00800070                item3
 *(.rodata)
 *(.rodata*)
 .rodata.C.2.1484
                0x00800075        0x5 ./MUC_1.o
 *(.gnu.linkonce.d*)
                0x0080007a                . = ALIGN (0x2)
                0x0080007a                _edata = .
                0x0080007a                PROVIDE (__data_end, .)

.bss            0x0080007a       0x36
                0x0080007a                PROVIDE (__bss_start, .)
 *(.bss)
 .bss           0x0080007a        0x0 c:/users/ms/downloads/eclipse/bin/../lib/gcc/avr/4.3.3/../../../../avr/lib/avr5/crtm32.o
 .bss           0x0080007a        0x0 ./libr/map.o
 .bss           0x0080007a        0x0 ./2-hal/servo/Servo_program.o
 .bss           0x0080007a        0x0 ./2-hal/DC_motor/DC_program.o
 .bss           0x0080007a        0x0 ./2-hal/CLCD/CLCD_program.o
 .bss           0x0080007a        0x0 ./1-mcal/7-USART/Uasrt_program.o
 .bss           0x0080007a        0x0 ./1-mcal/6-TIMER/TIMER_program.o
 .bss           0x0080007a        0x0 ./1-mcal/5-ADC/ADC_program.o
 .bss           0x0080007a        0x0 ./1-mcal/4-EXTI/EXTI_program.o
 .bss           0x0080007a        0x0 ./1-mcal/3-GIE/GIE_program.o
 .bss           0x0080007a        0x0 ./1-mcal/2-PORT/PORT_program.o
 .bss           0x0080007a        0x0 ./1-mcal/11-WTDOG/WTDOG_program.o
 .bss           0x0080007a        0x0 ./1-mcal/10-internal_EEPROM/EEPROM_program.o
 .bss           0x0080007a        0x0 ./1-mcal/1-DIO/DIO-progarm.o
 .bss           0x0080007a        0x0 ./MUC_1.o
 .bss           0x0080007a        0x0 c:/users/ms/downloads/eclipse/bin/../lib/gcc/avr/4.3.3/avr5\libgcc.a(_mulsi3.o)
 .bss           0x0080007a        0x0 c:/users/ms/downloads/eclipse/bin/../lib/gcc/avr/4.3.3/avr5\libgcc.a(_udivmodsi4.o)
 .bss           0x0080007a        0x0 c:/users/ms/downloads/eclipse/bin/../lib/gcc/avr/4.3.3/avr5\libgcc.a(_divmodsi4.o)
 .bss           0x0080007a        0x0 c:/users/ms/downloads/eclipse/bin/../lib/gcc/avr/4.3.3/avr5\libgcc.a(_exit.o)
 .bss           0x0080007a        0x0 c:/users/ms/downloads/eclipse/bin/../lib/gcc/avr/4.3.3/avr5\libgcc.a(_copy_data.o)
 .bss           0x0080007a        0x0 c:/users/ms/downloads/eclipse/bin/../lib/gcc/avr/4.3.3/avr5\libgcc.a(_clear_bss.o)
 .bss           0x0080007a        0x0 c:/users/ms/downloads/eclipse/bin/../lib/gcc/avr/4.3.3/avr5\libgcc.a(_fixunssfsi.o)
 .bss           0x0080007a        0x0 c:/users/ms/downloads/eclipse/bin/../lib/gcc/avr/4.3.3/avr5\libgcc.a(_addsub_sf.o)
 .bss           0x0080007a        0x0 c:/users/ms/downloads/eclipse/bin/../lib/gcc/avr/4.3.3/avr5\libgcc.a(_mul_sf.o)
 .bss           0x0080007a        0x0 c:/users/ms/downloads/eclipse/bin/../lib/gcc/avr/4.3.3/avr5\libgcc.a(_div_sf.o)
 .bss           0x0080007a        0x0 c:/users/ms/downloads/eclipse/bin/../lib/gcc/avr/4.3.3/avr5\libgcc.a(_gt_sf.o)
 .bss           0x0080007a        0x0 c:/users/ms/downloads/eclipse/bin/../lib/gcc/avr/4.3.3/avr5\libgcc.a(_ge_sf.o)
 .bss           0x0080007a        0x0 c:/users/ms/downloads/eclipse/bin/../lib/gcc/avr/4.3.3/avr5\libgcc.a(_lt_sf.o)
 .bss           0x0080007a        0x0 c:/users/ms/downloads/eclipse/bin/../lib/gcc/avr/4.3.3/avr5\libgcc.a(_sf_to_si.o)
 .bss           0x0080007a        0x0 c:/users/ms/downloads/eclipse/bin/../lib/gcc/avr/4.3.3/avr5\libgcc.a(_thenan_sf.o)
 .bss           0x0080007a        0x0 c:/users/ms/downloads/eclipse/bin/../lib/gcc/avr/4.3.3/avr5\libgcc.a(_prologue.o)
 .bss           0x0080007a        0x0 c:/users/ms/downloads/eclipse/bin/../lib/gcc/avr/4.3.3/avr5\libgcc.a(_epilogue.o)
 .bss           0x0080007a        0x0 c:/users/ms/downloads/eclipse/bin/../lib/gcc/avr/4.3.3/avr5\libgcc.a(_pack_sf.o)
 .bss           0x0080007a        0x0 c:/users/ms/downloads/eclipse/bin/../lib/gcc/avr/4.3.3/avr5\libgcc.a(_unpack_sf.o)
 .bss           0x0080007a        0x0 c:/users/ms/downloads/eclipse/bin/../lib/gcc/avr/4.3.3/avr5\libgcc.a(_fpcmp_parts_sf.o)
 *(.bss*)
 .bss.Uart_pvfun
                0x0080007a        0x2 ./1-mcal/7-USART/Uasrt_program.o
 .bss.Uart_u8Data
                0x0080007c        0x1 ./1-mcal/7-USART/Uasrt_program.o
 .bss.Uart_string
                0x0080007d        0x2 ./1-mcal/7-USART/Uasrt_program.o
 .bss.Uart_pvRecivedata
                0x0080007f        0x2 ./1-mcal/7-USART/Uasrt_program.o
 .bss.Size_Recive_String
                0x00800081        0x1 ./1-mcal/7-USART/Uasrt_program.o
 .bss.Uart_Send_flag
                0x00800082        0x1 ./1-mcal/7-USART/Uasrt_program.o
 .bss.Uart_Recive_flag
                0x00800083        0x1 ./1-mcal/7-USART/Uasrt_program.o
 .bss.Timer_pv_SetCallBack
                0x00800084       0x10 ./1-mcal/6-TIMER/TIMER_program.o
 .bss.ADC_pu16_Reading
                0x00800094        0x2 ./1-mcal/5-ADC/ADC_program.o
 .bss.ADC_pv_not
                0x00800096        0x2 ./1-mcal/5-ADC/ADC_program.o
 .bss.ADC_pu8chainchennel_arr
                0x00800098        0x2 ./1-mcal/5-ADC/ADC_program.o
 .bss.ADC_p16chainresultarr
                0x0080009a        0x2 ./1-mcal/5-ADC/ADC_program.o
 .bss.ADC_u8chainsize
                0x0080009c        0x1 ./1-mcal/5-ADC/ADC_program.o
 .bss.ADC_u8chainIndex
                0x0080009d        0x1 ./1-mcal/5-ADC/ADC_program.o
 .bss.ADC_u8ISRsource
                0x0080009e        0x1 ./1-mcal/5-ADC/ADC_program.o
 .bss.EXTI_pvISR_int0
                0x0080009f        0x2 ./1-mcal/4-EXTI/EXTI_program.o
                0x0080009f                EXTI_pvISR_int0
 .bss.EXTI_pvISR_int1
                0x008000a1        0x2 ./1-mcal/4-EXTI/EXTI_program.o
                0x008000a1                EXTI_pvISR_int1
 .bss.EXTI_pvISR_int2
                0x008000a3        0x2 ./1-mcal/4-EXTI/EXTI_program.o
                0x008000a3                EXTI_pvISR_int2
 .bss.EXTI_pv_int
                0x008000a5        0x6 ./1-mcal/4-EXTI/EXTI_program.o
                0x008000a5                EXTI_pv_int
 .bss.temperature
                0x008000ab        0x2 ./MUC_1.o
                0x008000ab                temperature
 .bss.iter.1564
                0x008000ad        0x1 ./MUC_1.o
 .bss.counter.1563
                0x008000ae        0x1 ./MUC_1.o
 *(COMMON)
 COMMON         0x008000af        0x1 ./MUC_1.o
                0x008000af                Machine_State
                0x008000b0                PROVIDE (__bss_end, .)
                0x000043e6                __data_load_start = LOADADDR (.data)
                0x00004400                __data_load_end = (__data_load_start + SIZEOF (.data))

.noinit         0x008000b0        0x0
                0x008000b0                PROVIDE (__noinit_start, .)
 *(.noinit*)
                0x008000b0                PROVIDE (__noinit_end, .)
                0x008000b0                _end = .
                0x008000b0                PROVIDE (__heap_start, .)

.eeprom         0x00810000        0x0
 *(.eeprom*)
                0x00810000                __eeprom_end = .

.fuse
 *(.fuse)
 *(.lfuse)
 *(.hfuse)
 *(.efuse)

.lock
 *(.lock*)

.signature
 *(.signature*)

.stab           0x00000000     0x4f50
 *(.stab)
 .stab          0x00000000      0x204 ./libr/map.o
 .stab          0x00000204      0x258 ./2-hal/servo/Servo_program.o
                                0x264 (size before relaxing)
 .stab          0x0000045c      0x2ac ./2-hal/DC_motor/DC_program.o
                                0x2b8 (size before relaxing)
 .stab          0x00000708      0xfd8 ./2-hal/CLCD/CLCD_program.o
                                0xfe4 (size before relaxing)
 .stab          0x000016e0      0xabc ./1-mcal/7-USART/Uasrt_program.o
                                0xac8 (size before relaxing)
 .stab          0x0000219c      0xa74 ./1-mcal/6-TIMER/TIMER_program.o
                                0xa80 (size before relaxing)
 .stab          0x00002c10      0x66c ./1-mcal/5-ADC/ADC_program.o
                                0x678 (size before relaxing)
 .stab          0x0000327c      0x8b8 ./1-mcal/4-EXTI/EXTI_program.o
                                0x8c4 (size before relaxing)
 .stab          0x00003b34      0x1b0 ./1-mcal/3-GIE/GIE_program.o
                                0x1bc (size before relaxing)
 .stab          0x00003ce4      0x1d4 ./1-mcal/2-PORT/PORT_program.o
                                0x1e0 (size before relaxing)
 .stab          0x00003eb8      0x210 ./1-mcal/11-WTDOG/WTDOG_program.o
                                0x21c (size before relaxing)
 .stab          0x000040c8      0x240 ./1-mcal/10-internal_EEPROM/EEPROM_program.o
                                0x24c (size before relaxing)
 .stab          0x00004308      0x444 ./1-mcal/1-DIO/DIO-progarm.o
                                0x450 (size before relaxing)
 .stab          0x0000474c      0x804 ./MUC_1.o
                                0xa68 (size before relaxing)

.stabstr        0x00000000     0x1f80
 *(.stabstr)
 .stabstr       0x00000000     0x1f80 ./libr/map.o

.stab.excl
 *(.stab.excl)

.stab.exclstr
 *(.stab.exclstr)

.stab.index
 *(.stab.index)

.stab.indexstr
 *(.stab.indexstr)

.comment
 *(.comment)

.debug
 *(.debug)

.line
 *(.line)

.debug_srcinfo
 *(.debug_srcinfo)

.debug_sfnames
 *(.debug_sfnames)

.debug_aranges  0x00000000      0x160
 *(.debug_aranges)
 .debug_aranges
                0x00000000       0x20 c:/users/ms/downloads/eclipse/bin/../lib/gcc/avr/4.3.3/avr5\libgcc.a(_fixunssfsi.o)
 .debug_aranges
                0x00000020       0x20 c:/users/ms/downloads/eclipse/bin/../lib/gcc/avr/4.3.3/avr5\libgcc.a(_addsub_sf.o)
 .debug_aranges
                0x00000040       0x20 c:/users/ms/downloads/eclipse/bin/../lib/gcc/avr/4.3.3/avr5\libgcc.a(_mul_sf.o)
 .debug_aranges
                0x00000060       0x20 c:/users/ms/downloads/eclipse/bin/../lib/gcc/avr/4.3.3/avr5\libgcc.a(_div_sf.o)
 .debug_aranges
                0x00000080       0x20 c:/users/ms/downloads/eclipse/bin/../lib/gcc/avr/4.3.3/avr5\libgcc.a(_gt_sf.o)
 .debug_aranges
                0x000000a0       0x20 c:/users/ms/downloads/eclipse/bin/../lib/gcc/avr/4.3.3/avr5\libgcc.a(_ge_sf.o)
 .debug_aranges
                0x000000c0       0x20 c:/users/ms/downloads/eclipse/bin/../lib/gcc/avr/4.3.3/avr5\libgcc.a(_lt_sf.o)
 .debug_aranges
                0x000000e0       0x20 c:/users/ms/downloads/eclipse/bin/../lib/gcc/avr/4.3.3/avr5\libgcc.a(_sf_to_si.o)
 .debug_aranges
                0x00000100       0x20 c:/users/ms/downloads/eclipse/bin/../lib/gcc/avr/4.3.3/avr5\libgcc.a(_pack_sf.o)
 .debug_aranges
                0x00000120       0x20 c:/users/ms/downloads/eclipse/bin/../lib/gcc/avr/4.3.3/avr5\libgcc.a(_unpack_sf.o)
 .debug_aranges
                0x00000140       0x20 c:/users/ms/downloads/eclipse/bin/../lib/gcc/avr/4.3.3/avr5\libgcc.a(_fpcmp_parts_sf.o)

.debug_pubnames
                0x00000000      0x18f
 *(.debug_pubnames)
 .debug_pubnames
                0x00000000       0x23 c:/users/ms/downloads/eclipse/bin/../lib/gcc/avr/4.3.3/avr5\libgcc.a(_fixunssfsi.o)
 .debug_pubnames
                0x00000023       0x2c c:/users/ms/downloads/eclipse/bin/../lib/gcc/avr/4.3.3/avr5\libgcc.a(_addsub_sf.o)
 .debug_pubnames
                0x0000004f       0x1f c:/users/ms/downloads/eclipse/bin/../lib/gcc/avr/4.3.3/avr5\libgcc.a(_mul_sf.o)
 .debug_pubnames
                0x0000006e       0x1f c:/users/ms/downloads/eclipse/bin/../lib/gcc/avr/4.3.3/avr5\libgcc.a(_div_sf.o)
 .debug_pubnames
                0x0000008d       0x1e c:/users/ms/downloads/eclipse/bin/../lib/gcc/avr/4.3.3/avr5\libgcc.a(_gt_sf.o)
 .debug_pubnames
                0x000000ab       0x1e c:/users/ms/downloads/eclipse/bin/../lib/gcc/avr/4.3.3/avr5\libgcc.a(_ge_sf.o)
 .debug_pubnames
                0x000000c9       0x1e c:/users/ms/downloads/eclipse/bin/../lib/gcc/avr/4.3.3/avr5\libgcc.a(_lt_sf.o)
 .debug_pubnames
                0x000000e7       0x20 c:/users/ms/downloads/eclipse/bin/../lib/gcc/avr/4.3.3/avr5\libgcc.a(_sf_to_si.o)
 .debug_pubnames
                0x00000107       0x22 c:/users/ms/downloads/eclipse/bin/../lib/gcc/avr/4.3.3/avr5\libgcc.a(_thenan_sf.o)
 .debug_pubnames
                0x00000129       0x1f c:/users/ms/downloads/eclipse/bin/../lib/gcc/avr/4.3.3/avr5\libgcc.a(_pack_sf.o)
 .debug_pubnames
                0x00000148       0x21 c:/users/ms/downloads/eclipse/bin/../lib/gcc/avr/4.3.3/avr5\libgcc.a(_unpack_sf.o)
 .debug_pubnames
                0x00000169       0x26 c:/users/ms/downloads/eclipse/bin/../lib/gcc/avr/4.3.3/avr5\libgcc.a(_fpcmp_parts_sf.o)

.debug_info     0x00000000     0x2045
 *(.debug_info)
 .debug_info    0x00000000       0xb1 c:/users/ms/downloads/eclipse/bin/../lib/gcc/avr/4.3.3/avr5\libgcc.a(_fixunssfsi.o)
 .debug_info    0x000000b1      0x47a c:/users/ms/downloads/eclipse/bin/../lib/gcc/avr/4.3.3/avr5\libgcc.a(_addsub_sf.o)
 .debug_info    0x0000052b      0x485 c:/users/ms/downloads/eclipse/bin/../lib/gcc/avr/4.3.3/avr5\libgcc.a(_mul_sf.o)
 .debug_info    0x000009b0      0x3fc c:/users/ms/downloads/eclipse/bin/../lib/gcc/avr/4.3.3/avr5\libgcc.a(_div_sf.o)
 .debug_info    0x00000dac      0x27f c:/users/ms/downloads/eclipse/bin/../lib/gcc/avr/4.3.3/avr5\libgcc.a(_gt_sf.o)
 .debug_info    0x0000102b      0x27f c:/users/ms/downloads/eclipse/bin/../lib/gcc/avr/4.3.3/avr5\libgcc.a(_ge_sf.o)
 .debug_info    0x000012aa      0x27f c:/users/ms/downloads/eclipse/bin/../lib/gcc/avr/4.3.3/avr5\libgcc.a(_lt_sf.o)
 .debug_info    0x00001529      0x2b0 c:/users/ms/downloads/eclipse/bin/../lib/gcc/avr/4.3.3/avr5\libgcc.a(_sf_to_si.o)
 .debug_info    0x000017d9      0x12c c:/users/ms/downloads/eclipse/bin/../lib/gcc/avr/4.3.3/avr5\libgcc.a(_thenan_sf.o)
 .debug_info    0x00001905      0x2df c:/users/ms/downloads/eclipse/bin/../lib/gcc/avr/4.3.3/avr5\libgcc.a(_pack_sf.o)
 .debug_info    0x00001be4      0x251 c:/users/ms/downloads/eclipse/bin/../lib/gcc/avr/4.3.3/avr5\libgcc.a(_unpack_sf.o)
 .debug_info    0x00001e35      0x210 c:/users/ms/downloads/eclipse/bin/../lib/gcc/avr/4.3.3/avr5\libgcc.a(_fpcmp_parts_sf.o)
 *(.gnu.linkonce.wi.*)

.debug_abbrev   0x00000000     0x1101
 *(.debug_abbrev)
 .debug_abbrev  0x00000000       0x5d c:/users/ms/downloads/eclipse/bin/../lib/gcc/avr/4.3.3/avr5\libgcc.a(_fixunssfsi.o)
 .debug_abbrev  0x0000005d      0x1ea c:/users/ms/downloads/eclipse/bin/../lib/gcc/avr/4.3.3/avr5\libgcc.a(_addsub_sf.o)
 .debug_abbrev  0x00000247      0x21b c:/users/ms/downloads/eclipse/bin/../lib/gcc/avr/4.3.3/avr5\libgcc.a(_mul_sf.o)
 .debug_abbrev  0x00000462      0x216 c:/users/ms/downloads/eclipse/bin/../lib/gcc/avr/4.3.3/avr5\libgcc.a(_div_sf.o)
 .debug_abbrev  0x00000678      0x15a c:/users/ms/downloads/eclipse/bin/../lib/gcc/avr/4.3.3/avr5\libgcc.a(_gt_sf.o)
 .debug_abbrev  0x000007d2      0x15a c:/users/ms/downloads/eclipse/bin/../lib/gcc/avr/4.3.3/avr5\libgcc.a(_ge_sf.o)
 .debug_abbrev  0x0000092c      0x15a c:/users/ms/downloads/eclipse/bin/../lib/gcc/avr/4.3.3/avr5\libgcc.a(_lt_sf.o)
 .debug_abbrev  0x00000a86      0x17f c:/users/ms/downloads/eclipse/bin/../lib/gcc/avr/4.3.3/avr5\libgcc.a(_sf_to_si.o)
 .debug_abbrev  0x00000c05       0xad c:/users/ms/downloads/eclipse/bin/../lib/gcc/avr/4.3.3/avr5\libgcc.a(_thenan_sf.o)
 .debug_abbrev  0x00000cb2      0x1c0 c:/users/ms/downloads/eclipse/bin/../lib/gcc/avr/4.3.3/avr5\libgcc.a(_pack_sf.o)
 .debug_abbrev  0x00000e72      0x154 c:/users/ms/downloads/eclipse/bin/../lib/gcc/avr/4.3.3/avr5\libgcc.a(_unpack_sf.o)
 .debug_abbrev  0x00000fc6      0x13b c:/users/ms/downloads/eclipse/bin/../lib/gcc/avr/4.3.3/avr5\libgcc.a(_fpcmp_parts_sf.o)

.debug_line     0x00000000      0xf82
 *(.debug_line)
 .debug_line    0x00000000       0xa7 c:/users/ms/downloads/eclipse/bin/../lib/gcc/avr/4.3.3/avr5\libgcc.a(_fixunssfsi.o)
 .debug_line    0x000000a7      0x2af c:/users/ms/downloads/eclipse/bin/../lib/gcc/avr/4.3.3/avr5\libgcc.a(_addsub_sf.o)
 .debug_line    0x00000356      0x239 c:/users/ms/downloads/eclipse/bin/../lib/gcc/avr/4.3.3/avr5\libgcc.a(_mul_sf.o)
 .debug_line    0x0000058f      0x1d5 c:/users/ms/downloads/eclipse/bin/../lib/gcc/avr/4.3.3/avr5\libgcc.a(_div_sf.o)
 .debug_line    0x00000764       0xd3 c:/users/ms/downloads/eclipse/bin/../lib/gcc/avr/4.3.3/avr5\libgcc.a(_gt_sf.o)
 .debug_line    0x00000837       0xd3 c:/users/ms/downloads/eclipse/bin/../lib/gcc/avr/4.3.3/avr5\libgcc.a(_ge_sf.o)
 .debug_line    0x0000090a       0xd3 c:/users/ms/downloads/eclipse/bin/../lib/gcc/avr/4.3.3/avr5\libgcc.a(_lt_sf.o)
 .debug_line    0x000009dd      0x109 c:/users/ms/downloads/eclipse/bin/../lib/gcc/avr/4.3.3/avr5\libgcc.a(_sf_to_si.o)
 .debug_line    0x00000ae6       0x90 c:/users/ms/downloads/eclipse/bin/../lib/gcc/avr/4.3.3/avr5\libgcc.a(_thenan_sf.o)
 .debug_line    0x00000b76      0x18a c:/users/ms/downloads/eclipse/bin/../lib/gcc/avr/4.3.3/avr5\libgcc.a(_pack_sf.o)
 .debug_line    0x00000d00      0x14b c:/users/ms/downloads/eclipse/bin/../lib/gcc/avr/4.3.3/avr5\libgcc.a(_unpack_sf.o)
 .debug_line    0x00000e4b      0x137 c:/users/ms/downloads/eclipse/bin/../lib/gcc/avr/4.3.3/avr5\libgcc.a(_fpcmp_parts_sf.o)

.debug_frame    0x00000000      0x180
 *(.debug_frame)
 .debug_frame   0x00000000       0x20 c:/users/ms/downloads/eclipse/bin/../lib/gcc/avr/4.3.3/avr5\libgcc.a(_fixunssfsi.o)
 .debug_frame   0x00000020       0x40 c:/users/ms/downloads/eclipse/bin/../lib/gcc/avr/4.3.3/avr5\libgcc.a(_addsub_sf.o)
 .debug_frame   0x00000060       0x20 c:/users/ms/downloads/eclipse/bin/../lib/gcc/avr/4.3.3/avr5\libgcc.a(_mul_sf.o)
 .debug_frame   0x00000080       0x20 c:/users/ms/downloads/eclipse/bin/../lib/gcc/avr/4.3.3/avr5\libgcc.a(_div_sf.o)
 .debug_frame   0x000000a0       0x20 c:/users/ms/downloads/eclipse/bin/../lib/gcc/avr/4.3.3/avr5\libgcc.a(_gt_sf.o)
 .debug_frame   0x000000c0       0x20 c:/users/ms/downloads/eclipse/bin/../lib/gcc/avr/4.3.3/avr5\libgcc.a(_ge_sf.o)
 .debug_frame   0x000000e0       0x20 c:/users/ms/downloads/eclipse/bin/../lib/gcc/avr/4.3.3/avr5\libgcc.a(_lt_sf.o)
 .debug_frame   0x00000100       0x20 c:/users/ms/downloads/eclipse/bin/../lib/gcc/avr/4.3.3/avr5\libgcc.a(_sf_to_si.o)
 .debug_frame   0x00000120       0x20 c:/users/ms/downloads/eclipse/bin/../lib/gcc/avr/4.3.3/avr5\libgcc.a(_pack_sf.o)
 .debug_frame   0x00000140       0x20 c:/users/ms/downloads/eclipse/bin/../lib/gcc/avr/4.3.3/avr5\libgcc.a(_unpack_sf.o)
 .debug_frame   0x00000160       0x20 c:/users/ms/downloads/eclipse/bin/../lib/gcc/avr/4.3.3/avr5\libgcc.a(_fpcmp_parts_sf.o)

.debug_str      0x00000000      0x2c2
 *(.debug_str)
 .debug_str     0x00000000       0xbf c:/users/ms/downloads/eclipse/bin/../lib/gcc/avr/4.3.3/avr5\libgcc.a(_fixunssfsi.o)
                                 0xfe (size before relaxing)
 .debug_str     0x000000bf      0x14d c:/users/ms/downloads/eclipse/bin/../lib/gcc/avr/4.3.3/avr5\libgcc.a(_addsub_sf.o)
                                0x206 (size before relaxing)
 .debug_str     0x0000020c       0x27 c:/users/ms/downloads/eclipse/bin/../lib/gcc/avr/4.3.3/avr5\libgcc.a(_mul_sf.o)
                                0x1bf (size before relaxing)
 .debug_str     0x00000233       0x35 c:/users/ms/downloads/eclipse/bin/../lib/gcc/avr/4.3.3/avr5\libgcc.a(_div_sf.o)
                                0x1c8 (size before relaxing)
 .debug_str     0x00000268        0xf c:/users/ms/downloads/eclipse/bin/../lib/gcc/avr/4.3.3/avr5\libgcc.a(_gt_sf.o)
                                0x195 (size before relaxing)
 .debug_str     0x00000277        0x8 c:/users/ms/downloads/eclipse/bin/../lib/gcc/avr/4.3.3/avr5\libgcc.a(_ge_sf.o)
                                0x195 (size before relaxing)
 .debug_str     0x0000027f        0x8 c:/users/ms/downloads/eclipse/bin/../lib/gcc/avr/4.3.3/avr5\libgcc.a(_lt_sf.o)
                                0x195 (size before relaxing)
 .debug_str     0x00000287        0xa c:/users/ms/downloads/eclipse/bin/../lib/gcc/avr/4.3.3/avr5\libgcc.a(_sf_to_si.o)
                                0x19e (size before relaxing)
 .debug_str     0x00000000      0x103 c:/users/ms/downloads/eclipse/bin/../lib/gcc/avr/4.3.3/avr5\libgcc.a(_thenan_sf.o)
 .debug_str     0x00000291       0x16 c:/users/ms/downloads/eclipse/bin/../lib/gcc/avr/4.3.3/avr5\libgcc.a(_pack_sf.o)
                                0x19d (size before relaxing)
 .debug_str     0x000002a7        0xb c:/users/ms/downloads/eclipse/bin/../lib/gcc/avr/4.3.3/avr5\libgcc.a(_unpack_sf.o)
                                0x17f (size before relaxing)
 .debug_str     0x000002b2       0x10 c:/users/ms/downloads/eclipse/bin/../lib/gcc/avr/4.3.3/avr5\libgcc.a(_fpcmp_parts_sf.o)
                                0x163 (size before relaxing)

.debug_loc      0x00000000      0x88e
 *(.debug_loc)
 .debug_loc     0x00000000       0x34 c:/users/ms/downloads/eclipse/bin/../lib/gcc/avr/4.3.3/avr5\libgcc.a(_fixunssfsi.o)
 .debug_loc     0x00000034      0x32a c:/users/ms/downloads/eclipse/bin/../lib/gcc/avr/4.3.3/avr5\libgcc.a(_addsub_sf.o)
 .debug_loc     0x0000035e      0x104 c:/users/ms/downloads/eclipse/bin/../lib/gcc/avr/4.3.3/avr5\libgcc.a(_mul_sf.o)
 .debug_loc     0x00000462       0xc0 c:/users/ms/downloads/eclipse/bin/../lib/gcc/avr/4.3.3/avr5\libgcc.a(_div_sf.o)
 .debug_loc     0x00000522       0x3c c:/users/ms/downloads/eclipse/bin/../lib/gcc/avr/4.3.3/avr5\libgcc.a(_gt_sf.o)
 .debug_loc     0x0000055e       0x3c c:/users/ms/downloads/eclipse/bin/../lib/gcc/avr/4.3.3/avr5\libgcc.a(_ge_sf.o)
 .debug_loc     0x0000059a       0x3c c:/users/ms/downloads/eclipse/bin/../lib/gcc/avr/4.3.3/avr5\libgcc.a(_lt_sf.o)
 .debug_loc     0x000005d6       0x7e c:/users/ms/downloads/eclipse/bin/../lib/gcc/avr/4.3.3/avr5\libgcc.a(_sf_to_si.o)
 .debug_loc     0x00000654      0x13e c:/users/ms/downloads/eclipse/bin/../lib/gcc/avr/4.3.3/avr5\libgcc.a(_pack_sf.o)
 .debug_loc     0x00000792       0xac c:/users/ms/downloads/eclipse/bin/../lib/gcc/avr/4.3.3/avr5\libgcc.a(_unpack_sf.o)
 .debug_loc     0x0000083e       0x50 c:/users/ms/downloads/eclipse/bin/../lib/gcc/avr/4.3.3/avr5\libgcc.a(_fpcmp_parts_sf.o)

.debug_macinfo
 *(.debug_macinfo)
OUTPUT(MCU_1.elf elf32-avr)
LOAD linker stubs

.debug_ranges   0x00000000       0x50
 .debug_ranges  0x00000000       0x50 c:/users/ms/downloads/eclipse/bin/../lib/gcc/avr/4.3.3/avr5\libgcc.a(_mul_sf.o)
